(21, 1)
*current fault is testable!
Current fault is testable!
(17, 1)
*current fault is testable!
Current fault is testable!
(3, 1)
*current fault is testable!
Current fault is testable!
(6, 1)
*current fault is testable!
Current fault is testable!
(12, 1)
*current fault is testable!
Current fault is testable!
(10, 1)
*current fault is testable!
Current fault is testable!
(21, 0)
*current fault is testable!
Current fault is testable!
(19, 1)
*current fault is testable!
Current fault is testable!
(17, 0)
*current fault is testable!
Current fault is testable!
(15, 1)
*current fault is testable!
Current fault is testable!
(5, 0)
*current fault is testable!
Current fault is testable!
(30, 1)
*current fault is testable!
Current fault is testable!
(12, 0)
*current fault is testable!
Current fault is testable!
(31, 0)
*current fault is testable!
Current fault is testable!
(19, 0)
*current fault is testable!
Current fault is testable!
(15, 0)
*current fault is testable!
Current fault is testable!
(14, 0)
*current fault is testable!
Current fault is testable!
(6, 0)
*current fault is testable!
Current fault is testable!
(3, 0)
*current fault is testable!
Current fault is testable!
(30, 0)
*current fault is testable!
Current fault is testable!
(10, 0)
*current fault is testable!
Current fault is testable!
(9, 0)
*current fault is testable!
Current fault is testable!
(4, 0)
*current fault is testable!
Current fault is testable!
(31, 1)
*current fault is testable!
Current fault is testable!
(14, 1)
*current fault is testable!
Current fault is testable!
(9, 1)
*current fault is testable!
Current fault is testable!
(5, 1)
*current fault is testable!
Current fault is testable!
(4, 1)
*current fault is testable!
Current fault is testable!
(3, 1)
*current fault is testable!
Current fault is testable!
(21, 1)
*current fault is testable!
Current fault is testable!
(17, 1)
*current fault is testable!
Current fault is testable!
(6, 1)
*current fault is testable!
Current fault is testable!
(12, 1)
*current fault is testable!
Current fault is testable!
(10, 1)
*current fault is testable!
Current fault is testable!
(21, 0)
*current fault is testable!
Current fault is testable!
(19, 1)
*current fault is testable!
Current fault is testable!
(12, 0)
*current fault is testable!
Current fault is testable!
(31, 0)
*current fault is testable!
Current fault is testable!
(19, 0)
*current fault is testable!
Current fault is testable!
(17, 0)
*current fault is testable!
Current fault is testable!
(14, 1)
*current fault is testable!
Current fault is testable!
(6, 0)
*current fault is testable!
Current fault is testable!
(5, 0)
*current fault is testable!
Current fault is testable!
(3, 0)
*current fault is testable!
Current fault is testable!
(10, 0)
*current fault is testable!
Current fault is testable!
(9, 0)
*current fault is testable!
Current fault is testable!
(4, 0)
*current fault is testable!
Current fault is testable!
(14, 0)
*current fault is testable!
Current fault is testable!
(31, 1)
*current fault is testable!
Current fault is testable!
(30, 1)
*current fault is testable!
Current fault is testable!
(30, 0)
*current fault is testable!
Current fault is testable!
(9, 1)
*current fault is testable!
Current fault is testable!
(5, 1)
*current fault is testable!
Current fault is testable!
(4, 1)
*current fault is testable!
Current fault is testable!
(3, 1)
*current fault is testable!
Current fault is testable!
(21, 1)
*current fault is testable!
Current fault is testable!
(17, 1)
*current fault is testable!
Current fault is testable!
(6, 1)
*current fault is testable!
Current fault is testable!
(12, 1)
*current fault is testable!
Current fault is testable!
(10, 1)
*current fault is testable!
Current fault is testable!
(21, 0)
*current fault is testable!
Current fault is testable!
(19, 1)
*current fault is testable!
Current fault is testable!
(12, 0)
*current fault is testable!
Current fault is testable!
(31, 0)
*current fault is testable!
Current fault is testable!
(19, 0)
*current fault is testable!
Current fault is testable!
(17, 0)
*current fault is testable!
Current fault is testable!
(14, 1)
*current fault is testable!
Current fault is testable!
(6, 0)
*current fault is testable!
Current fault is testable!
(5, 0)
*current fault is testable!
Current fault is testable!
(3, 0)
*current fault is testable!
Current fault is testable!
(10, 0)
*current fault is testable!
Current fault is testable!
(9, 0)
*current fault is testable!
Current fault is testable!
(4, 0)
*current fault is testable!
Current fault is testable!
(14, 0)
*current fault is testable!
Current fault is testable!
(31, 1)
*current fault is testable!
Current fault is testable!
(30, 1)
*current fault is testable!
Current fault is testable!
(30, 0)
*current fault is testable!
Current fault is testable!
(9, 1)
*current fault is testable!
Current fault is testable!
(5, 1)
*current fault is testable!
Current fault is testable!
(4, 1)
*current fault is testable!
Current fault is testable!
(3, 1)
*current fault is testable!
Current fault is testable!
(21, 1)
*current fault is testable!
Current fault is testable!
(17, 1)
*current fault is testable!
Current fault is testable!
(6, 1)
*current fault is testable!
Current fault is testable!
(12, 1)
*current fault is testable!
Current fault is testable!
(10, 1)
*current fault is testable!
Current fault is testable!
(21, 0)
*current fault is testable!
Current fault is testable!
(19, 1)
*current fault is testable!
Current fault is testable!
(12, 0)
*current fault is testable!
Current fault is testable!
(31, 0)
*current fault is testable!
Current fault is testable!
(19, 0)
*current fault is testable!
Current fault is testable!
(17, 0)
*current fault is testable!
Current fault is testable!
(14, 1)
*current fault is testable!
Current fault is testable!
(6, 0)
*current fault is testable!
Current fault is testable!
(5, 0)
*current fault is testable!
Current fault is testable!
(3, 0)
*current fault is testable!
Current fault is testable!
(10, 0)
*current fault is testable!
Current fault is testable!
(9, 0)
*current fault is testable!
Current fault is testable!
(4, 0)
*current fault is testable!
Current fault is testable!
(14, 0)
*current fault is testable!
Current fault is testable!
(31, 1)
*current fault is testable!
Current fault is testable!
(30, 1)
*current fault is testable!
Current fault is testable!
(30, 0)
*current fault is testable!
Current fault is testable!
(9, 1)
*current fault is testable!
Current fault is testable!
(5, 1)
*current fault is testable!
Current fault is testable!
(4, 1)
*current fault is testable!
Current fault is testable!
(3, 1)
*current fault is testable!
Current fault is testable!
(21, 1)
*current fault is testable!
Current fault is testable!
(17, 1)
*current fault is testable!
Current fault is testable!
(6, 1)
*current fault is testable!
Current fault is testable!
(12, 1)
*current fault is testable!
Current fault is testable!
(10, 1)
*current fault is testable!
Current fault is testable!
(21, 0)
*current fault is testable!
Current fault is testable!
(19, 1)
*current fault is testable!
Current fault is testable!
(12, 0)
*current fault is testable!
Current fault is testable!
(31, 0)
*current fault is testable!
Current fault is testable!
(19, 0)
*current fault is testable!
Current fault is testable!
(17, 0)
*current fault is testable!
Current fault is testable!
(14, 1)
*current fault is testable!
Current fault is testable!
(6, 0)
*current fault is testable!
Current fault is testable!
(5, 0)
*current fault is testable!
Current fault is testable!
(3, 0)
*current fault is testable!
Current fault is testable!
(10, 0)
*current fault is testable!
Current fault is testable!
(9, 0)
*current fault is testable!
Current fault is testable!
(4, 0)
*current fault is testable!
Current fault is testable!
(14, 0)
*current fault is testable!
Current fault is testable!
(31, 1)
*current fault is testable!
Current fault is testable!
(30, 1)
*current fault is testable!
Current fault is testable!
(30, 0)
*current fault is testable!
Current fault is testable!
(9, 1)
*current fault is testable!
Current fault is testable!
(5, 1)
*current fault is testable!
Current fault is testable!
(4, 1)
*current fault is testable!
Current fault is testable!
(3, 1)
*current fault is testable!
Current fault is testable!
(21, 1)
*current fault is testable!
Current fault is testable!
(17, 1)
*current fault is testable!
Current fault is testable!
(6, 1)
*current fault is testable!
Current fault is testable!
(12, 1)
*current fault is testable!
Current fault is testable!
(10, 1)
*current fault is testable!
Current fault is testable!
(21, 0)
*current fault is testable!
Current fault is testable!
(19, 1)
*current fault is testable!
Current fault is testable!
(12, 0)
*current fault is testable!
Current fault is testable!
(31, 0)
*current fault is testable!
Current fault is testable!
(19, 0)
*current fault is testable!
Current fault is testable!
(17, 0)
*current fault is testable!
Current fault is testable!
(14, 1)
*current fault is testable!
Current fault is testable!
(6, 0)
*current fault is testable!
Current fault is testable!
(5, 0)
*current fault is testable!
Current fault is testable!
(3, 0)
*current fault is testable!
Current fault is testable!
(10, 0)
*current fault is testable!
Current fault is testable!
(9, 0)
*current fault is testable!
Current fault is testable!
(4, 0)
*current fault is testable!
Current fault is testable!
(14, 0)
*current fault is testable!
Current fault is testable!
(31, 1)
*current fault is testable!
Current fault is testable!
(30, 1)
*current fault is testable!
Current fault is testable!
(30, 0)
*current fault is testable!
Current fault is testable!
(9, 1)
*current fault is testable!
Current fault is testable!
(5, 1)
*current fault is testable!
Current fault is testable!
(4, 1)
*current fault is testable!
Current fault is testable!
(3, 1)
*current fault is testable!
Current fault is testable!
(21, 1)
*current fault is testable!
Current fault is testable!
(17, 1)
*current fault is testable!
Current fault is testable!
(6, 1)
*current fault is testable!
Current fault is testable!
(12, 1)
*current fault is testable!
Current fault is testable!
(10, 1)
*current fault is testable!
Current fault is testable!
(21, 0)
*current fault is testable!
Current fault is testable!
(19, 1)
*current fault is testable!
Current fault is testable!
(12, 0)
*current fault is testable!
Current fault is testable!
(31, 0)
*current fault is testable!
Current fault is testable!
(19, 0)
*current fault is testable!
Current fault is testable!
(17, 0)
*current fault is testable!
Current fault is testable!
(14, 1)
*current fault is testable!
Current fault is testable!
(6, 0)
*current fault is testable!
Current fault is testable!
(5, 0)
*current fault is testable!
Current fault is testable!
(3, 0)
*current fault is testable!
Current fault is testable!
(10, 0)
*current fault is testable!
Current fault is testable!
(9, 0)
*current fault is testable!
Current fault is testable!
(4, 0)
*current fault is testable!
Current fault is testable!
(14, 0)
*current fault is testable!
Current fault is testable!
(31, 1)
*current fault is testable!
Current fault is testable!
(30, 1)
*current fault is testable!
Current fault is testable!
(30, 0)
*current fault is testable!
Current fault is testable!
(9, 1)
*current fault is testable!
Current fault is testable!
(5, 1)
*current fault is testable!
Current fault is testable!
(4, 1)
*current fault is testable!
Current fault is testable!
(3, 1)
*current fault is testable!
Current fault is testable!
(21, 1)
*current fault is testable!
Current fault is testable!
(17, 1)
*current fault is testable!
Current fault is testable!
(6, 1)
*current fault is testable!
Current fault is testable!
(12, 1)
*current fault is testable!
Current fault is testable!
(10, 1)
*current fault is testable!
Current fault is testable!
(21, 0)
*current fault is testable!
Current fault is testable!
(19, 1)
*current fault is testable!
Current fault is testable!
(12, 0)
*current fault is testable!
Current fault is testable!
(31, 0)
*current fault is testable!
Current fault is testable!
(19, 0)
*current fault is testable!
Current fault is testable!
(17, 0)
*current fault is testable!
Current fault is testable!
(14, 1)
*current fault is testable!
Current fault is testable!
(6, 0)
*current fault is testable!
Current fault is testable!
(5, 0)
*current fault is testable!
Current fault is testable!
(3, 0)
*current fault is testable!
Current fault is testable!
(10, 0)
*current fault is testable!
Current fault is testable!
(9, 0)
*current fault is testable!
Current fault is testable!
(4, 0)
*current fault is testable!
Current fault is testable!
(14, 0)
*current fault is testable!
Current fault is testable!
(31, 1)
*current fault is testable!
Current fault is testable!
(30, 1)
*current fault is testable!
Current fault is testable!
(30, 0)
*current fault is testable!
Current fault is testable!
(9, 1)
*current fault is testable!
Current fault is testable!
(5, 1)
*current fault is testable!
Current fault is testable!
(4, 1)
*current fault is testable!
Current fault is testable!
(32, 1)
*current fault is testable!
Current fault is testable!
(18, 1)
*current fault is testable!
Current fault is testable!
(100, 1)
*current fault is testable!
Current fault is testable!
(34, 1)
*current fault is testable!
Current fault is testable!
(20, 1)
*current fault is testable!
Current fault is testable!
(24, 1)
*current fault is testable!
Current fault is testable!
(28, 1)
*current fault is testable!
Current fault is testable!
(57, 1)
*current fault is testable!
Current fault is testable!
(57, 0)
*current fault is testable!
Current fault is testable!
(56, 0)
*current fault is testable!
Current fault is testable!
(55, 0)
*current fault is testable!
Current fault is testable!
(53, 1)
*current fault is testable!
Current fault is testable!
(51, 1)
*current fault is testable!
Current fault is testable!
(49, 1)
*current fault is testable!
Current fault is testable!
(42, 1)
*current fault is testable!
Current fault is testable!
(94, 1)
*current fault is testable!
Current fault is testable!
(26, 1)
*current fault is testable!
Current fault is testable!
(40, 0)
*current fault is testable!
Current fault is testable!
(40, 1)
*current fault is testable!
Current fault is testable!
(56, 1)
*current fault is testable!
Current fault is testable!
(46, 1)
*current fault is testable!
Current fault is testable!
(79, 0)
*current fault is testable!
Current fault is testable!
(66, 0)
*current fault is testable!
Current fault is testable!
(32, 0)
*current fault is testable!
Current fault is testable!
(78, 1)
*current fault is testable!
Current fault is testable!
(58, 1)
*current fault is testable!
Current fault is testable!
(28, 0)
*current fault is testable!
Current fault is testable!
(65, 1)
*current fault is testable!
Current fault is testable!
(65, 0)
*current fault is testable!
Current fault is testable!
(63, 1)
*current fault is testable!
Current fault is testable!
(61, 1)
*current fault is testable!
Current fault is testable!
(30, 1)
*current fault is testable!
Current fault is testable!
(73, 1)
*current fault is testable!
Current fault is testable!
(73, 0)
*current fault is testable!
Current fault is testable!
(71, 1)
*current fault is testable!
Current fault is testable!
(69, 1)
*current fault is testable!
Current fault is testable!
(107, 1)
*current fault is testable!
Current fault is testable!
(80, 1)
*current fault is testable!
Current fault is testable!
(74, 1)
*current fault is testable!
Current fault is testable!
(30, 0)
*current fault is testable!
Current fault is testable!
(69, 0)
*current fault is testable!
Current fault is testable!
